// Jest Snapshot v1, https://goo.gl/fbAQLP

exports[`check render 1`] = `<div />`;
